<?xml version="1.0" encoding="utf-8"?><testsuites name="pytest tests"><testsuite name="pytest" errors="0" failures="0" skipped="0" tests="1" time="0.169" timestamp="2026-06-11T11:20:31.857702-05:00" hostname="argon"><testcase classname="tests.test_app" name="test_main" time="0.003" /></testsuite></testsuites>